Archive member included to satisfy reference by file (symbol)

D:/STM32CubeIDE_1.16.1/STM32CubeIDE/plugins/com.st.stm32cube.ide.mcu.externaltools.gnu-tools-for-stm32.12.3.rel1.win32_1.0.200.202406191623/tools/bin/../lib/gcc/arm-none-eabi/12.3.1/../../../../arm-none-eabi/lib/thumb/v7e-m+fp/hard\libc_nano.a(libc_a-exit.o)
                              D:/STM32CubeIDE_1.16.1/STM32CubeIDE/plugins/com.st.stm32cube.ide.mcu.externaltools.gnu-tools-for-stm32.12.3.rel1.win32_1.0.200.202406191623/tools/bin/../lib/gcc/arm-none-eabi/12.3.1/../../../../arm-none-eabi/lib/thumb/v7e-m+fp/hard/crt0.o (exit)
D:/STM32CubeIDE_1.16.1/STM32CubeIDE/plugins/com.st.stm32cube.ide.mcu.externaltools.gnu-tools-for-stm32.12.3.rel1.win32_1.0.200.202406191623/tools/bin/../lib/gcc/arm-none-eabi/12.3.1/../../../../arm-none-eabi/lib/thumb/v7e-m+fp/hard\libc_nano.a(libc_a-findfp.o)
                              D:/STM32CubeIDE_1.16.1/STM32CubeIDE/plugins/com.st.stm32cube.ide.mcu.externaltools.gnu-tools-for-stm32.12.3.rel1.win32_1.0.200.202406191623/tools/bin/../lib/gcc/arm-none-eabi/12.3.1/../../../../arm-none-eabi/lib/thumb/v7e-m+fp/hard\libc_nano.a(libc_a-exit.o) (__stdio_exit_handler)
D:/STM32CubeIDE_1.16.1/STM32CubeIDE/plugins/com.st.stm32cube.ide.mcu.externaltools.gnu-tools-for-stm32.12.3.rel1.win32_1.0.200.202406191623/tools/bin/../lib/gcc/arm-none-eabi/12.3.1/../../../../arm-none-eabi/lib/thumb/v7e-m+fp/hard\libc_nano.a(libc_a-fwalk.o)
                              D:/STM32CubeIDE_1.16.1/STM32CubeIDE/plugins/com.st.stm32cube.ide.mcu.externaltools.gnu-tools-for-stm32.12.3.rel1.win32_1.0.200.202406191623/tools/bin/../lib/gcc/arm-none-eabi/12.3.1/../../../../arm-none-eabi/lib/thumb/v7e-m+fp/hard\libc_nano.a(libc_a-findfp.o) (_fwalk_sglue)
D:/STM32CubeIDE_1.16.1/STM32CubeIDE/plugins/com.st.stm32cube.ide.mcu.externaltools.gnu-tools-for-stm32.12.3.rel1.win32_1.0.200.202406191623/tools/bin/../lib/gcc/arm-none-eabi/12.3.1/../../../../arm-none-eabi/lib/thumb/v7e-m+fp/hard\libc_nano.a(libc_a-stdio.o)
                              D:/STM32CubeIDE_1.16.1/STM32CubeIDE/plugins/com.st.stm32cube.ide.mcu.externaltools.gnu-tools-for-stm32.12.3.rel1.win32_1.0.200.202406191623/tools/bin/../lib/gcc/arm-none-eabi/12.3.1/../../../../arm-none-eabi/lib/thumb/v7e-m+fp/hard\libc_nano.a(libc_a-findfp.o) (__sread)
D:/STM32CubeIDE_1.16.1/STM32CubeIDE/plugins/com.st.stm32cube.ide.mcu.externaltools.gnu-tools-for-stm32.12.3.rel1.win32_1.0.200.202406191623/tools/bin/../lib/gcc/arm-none-eabi/12.3.1/../../../../arm-none-eabi/lib/thumb/v7e-m+fp/hard\libc_nano.a(libc_a-memset.o)
                              D:/STM32CubeIDE_1.16.1/STM32CubeIDE/plugins/com.st.stm32cube.ide.mcu.externaltools.gnu-tools-for-stm32.12.3.rel1.win32_1.0.200.202406191623/tools/bin/../lib/gcc/arm-none-eabi/12.3.1/../../../../arm-none-eabi/lib/thumb/v7e-m+fp/hard/crt0.o (memset)
D:/STM32CubeIDE_1.16.1/STM32CubeIDE/plugins/com.st.stm32cube.ide.mcu.externaltools.gnu-tools-for-stm32.12.3.rel1.win32_1.0.200.202406191623/tools/bin/../lib/gcc/arm-none-eabi/12.3.1/../../../../arm-none-eabi/lib/thumb/v7e-m+fp/hard\libc_nano.a(libc_a-closer.o)
                              D:/STM32CubeIDE_1.16.1/STM32CubeIDE/plugins/com.st.stm32cube.ide.mcu.externaltools.gnu-tools-for-stm32.12.3.rel1.win32_1.0.200.202406191623/tools/bin/../lib/gcc/arm-none-eabi/12.3.1/../../../../arm-none-eabi/lib/thumb/v7e-m+fp/hard\libc_nano.a(libc_a-stdio.o) (_close_r)
D:/STM32CubeIDE_1.16.1/STM32CubeIDE/plugins/com.st.stm32cube.ide.mcu.externaltools.gnu-tools-for-stm32.12.3.rel1.win32_1.0.200.202406191623/tools/bin/../lib/gcc/arm-none-eabi/12.3.1/../../../../arm-none-eabi/lib/thumb/v7e-m+fp/hard\libc_nano.a(libc_a-reent.o)
                              D:/STM32CubeIDE_1.16.1/STM32CubeIDE/plugins/com.st.stm32cube.ide.mcu.externaltools.gnu-tools-for-stm32.12.3.rel1.win32_1.0.200.202406191623/tools/bin/../lib/gcc/arm-none-eabi/12.3.1/../../../../arm-none-eabi/lib/thumb/v7e-m+fp/hard\libc_nano.a(libc_a-closer.o) (errno)
D:/STM32CubeIDE_1.16.1/STM32CubeIDE/plugins/com.st.stm32cube.ide.mcu.externaltools.gnu-tools-for-stm32.12.3.rel1.win32_1.0.200.202406191623/tools/bin/../lib/gcc/arm-none-eabi/12.3.1/../../../../arm-none-eabi/lib/thumb/v7e-m+fp/hard\libc_nano.a(libc_a-impure.o)
                              D:/STM32CubeIDE_1.16.1/STM32CubeIDE/plugins/com.st.stm32cube.ide.mcu.externaltools.gnu-tools-for-stm32.12.3.rel1.win32_1.0.200.202406191623/tools/bin/../lib/gcc/arm-none-eabi/12.3.1/../../../../arm-none-eabi/lib/thumb/v7e-m+fp/hard\libc_nano.a(libc_a-reent.o) (_impure_ptr)
D:/STM32CubeIDE_1.16.1/STM32CubeIDE/plugins/com.st.stm32cube.ide.mcu.externaltools.gnu-tools-for-stm32.12.3.rel1.win32_1.0.200.202406191623/tools/bin/../lib/gcc/arm-none-eabi/12.3.1/../../../../arm-none-eabi/lib/thumb/v7e-m+fp/hard\libc_nano.a(libc_a-lseekr.o)
[...]
Memory Configuration

Name             Origin             Length             Attributes
RAM              0x20000000         0x00010000         xrw
FLASH            0x08000000         0x00040000         xr
*default*        0x00000000         0xffffffff

Linker script and memory map

LOAD D:/STM32CubeIDE_1.16.1/STM32CubeIDE/plugins/com.st.stm32cube.ide.mcu.externaltools.gnu-tools-for-stm32.12.3.rel1.win32_1.0.200.202406191623/tools/bin/../lib/gcc/arm-none-eabi/12.3.1/thumb/v7e-m+fp/hard/crti.o
LOAD D:/STM32CubeIDE_1.16.1/STM32CubeIDE/plugins/com.st.stm32cube.ide.mcu.externaltools.gnu-tools-for-stm32.12.3.rel1.win32_1.0.200.202406191623/tools/bin/../lib/gcc/arm-none-eabi/12.3.1/thumb/v7e-m+fp/hard/crtbegin.o
LOAD D:/STM32CubeIDE_1.16.1/STM32CubeIDE/plugins/com.st.stm32cube.ide.mcu.externaltools.gnu-tools-for-stm32.12.3.rel1.win32_1.0.200.202406191623/tools/bin/../lib/gcc/arm-none-eabi/12.3.1/../../../../arm-none-eabi/lib/thumb/v7e-m+fp/hard/crt0.o
LOAD ./Src/main.o
LOAD ./Src/syscalls.o
LOAD ./Src/sysmem.o
LOAD ./Startup/startup_stm32f401ccux.o
LOAD ./driver/src/gpio.o
LOAD ./driver/src/otg.o
LOAD ./driver/src/timer.o
START GROUP
LOAD D:/STM32CubeIDE_1.16.1/STM32CubeIDE/plugins/com.st.stm32cube.ide.mcu.externaltools.gnu-tools-for-stm32.12.3.rel1.win32_1.0.200.202406191623/tools/bin/../lib/gcc/arm-none-eabi/12.3.1/../../../../arm-none-eabi/lib/thumb/v7e-m+fp/hard\libc_nano.a
LOAD D:/STM32CubeIDE_1.16.1/STM32CubeIDE/plugins/com.st.stm32cube.ide.mcu.externaltools.gnu-tools-for-stm32.12.3.rel1.win32_1.0.200.202406191623/tools/bin/../lib/gcc/arm-none-eabi/12.3.1/../../../../arm-none-eabi/lib/thumb/v7e-m+fp/hard\libm.a
END GROUP
START GROUP
LOAD D:/STM32CubeIDE_1.16.1/STM32CubeIDE/plugins/com.st.stm32cube.ide.mcu.externaltools.gnu-tools-for-stm32.12.3.rel1.win32_1.0.200.202406191623/tools/bin/../lib/gcc/arm-none-eabi/12.3.1/thumb/v7e-m+fp/hard\libgcc.a
LOAD D:/STM32CubeIDE_1.16.1/STM32CubeIDE/plugins/com.st.stm32cube.ide.mcu.externaltools.gnu-tools-for-stm32.12.3.rel1.win32_1.0.200.202406191623/tools/bin/../lib/gcc/arm-none-eabi/12.3.1/../../../../arm-none-eabi/lib/thumb/v7e-m+fp/hard\libc_nano.a
END GROUP
START GROUP
LOAD D:/STM32CubeIDE_1.16.1/STM32CubeIDE/plugins/com.st.stm32cube.ide.mcu.externaltools.gnu-tools-for-stm32.12.3.rel1.win32_1.0.200.202406191623/tools/bin/../lib/gcc/arm-none-eabi/12.3.1/thumb/v7e-m+fp/hard\libgcc.a
LOAD D:/STM32CubeIDE_1.16.1/STM32CubeIDE/plugins/com.st.stm32cube.ide.mcu.externaltools.gnu-tools-for-stm32.12.3.rel1.win32_1.0.200.202406191623/tools/bin/../lib/gcc/arm-none-eabi/12.3.1/../../../../arm-none-eabi/lib/thumb/v7e-m+fp/hard\libc_nano.a
LOAD D:/STM32CubeIDE_1.16.1/STM32CubeIDE/plugins/com.st.stm32cube.ide.mcu.externaltools.gnu-tools-for-stm32.12.3.rel1.win32_1.0.200.202406191623/tools/bin/../lib/gcc/arm-none-eabi/12.3.1/../../../../arm-none-eabi/lib/thumb/v7e-m+fp/hard\libnosys.a
END GROUP
START GROUP
LOAD D:/STM32CubeIDE_1.16.1/STM32CubeIDE/plugins/com.st.stm32cube.ide.mcu.externaltools.gnu-tools-for-stm32.12.3.rel1.win32_1.0.200.202406191623/tools/bin/../lib/gcc/arm-none-eabi/12.3.1/thumb/v7e-m+fp/hard\libgcc.a
LOAD D:/STM32CubeIDE_1.16.1/STM32CubeIDE/plugins/com.st.stm32cube.ide.mcu.externaltools.gnu-tools-for-stm32.12.3.rel1.win32_1.0.200.202406191623/tools/bin/../lib/gcc/arm-none-eabi/12.3.1/../../../../arm-none-eabi/lib/thumb/v7e-m+fp/hard\libc_nano.a
LOAD D:/STM32CubeIDE_1.16.1/STM32CubeIDE/plugins/com.st.stm32cube.ide.mcu.externaltools.gnu-tools-for-stm32.12.3.rel1.win32_1.0.200.202406191623/tools/bin/../lib/gcc/arm-none-eabi/12.3.1/../../../../arm-none-eabi/lib/thumb/v7e-m+fp/hard\libnosys.a
END GROUP
LOAD D:/STM32CubeIDE_1.16.1/STM32CubeIDE/plugins/com.st.stm32cube.ide.mcu.externaltools.gnu-tools-for-stm32.12.3.rel1.win32_1.0.200.202406191623/tools/bin/../lib/gcc/arm-none-eabi/12.3.1/thumb/v7e-m+fp/hard/crtend.o
LOAD D:/STM32CubeIDE_1.16.1/STM32CubeIDE/plugins/com.st.stm32cube.ide.mcu.externaltools.gnu-tools-for-stm32.12.3.rel1.win32_1.0.200.202406191623/tools/bin/../lib/gcc/arm-none-eabi/12.3.1/thumb/v7e-m+fp/hard/crtn.o
                0x20010000                        _estack = (ORIGIN (RAM) + LENGTH (RAM))
                0x00000200                        _Min_Heap_Size = 0x200
                0x00001000                        _Min_Stack_Size = 0x1000

.isr_vector     0x08000000      0x194
                0x08000000                        . = ALIGN (0x4)
 *(.isr_vector)
 .isr_vector    0x08000000      0x194 ./Startup/startup_stm32f401ccux.o
                0x08000000                g_pfnVectors
                0x08000194                        . = ALIGN (0x4)

.text           0x08000194     0x4f24
                0x08000194                        . = ALIGN (0x4)
 *(.text)
 .text          0x08000194       0x40 D:/STM32CubeIDE_1.16.1/STM32CubeIDE/plugins/com.st.stm32cube.ide.mcu.externaltools.gnu-tools-for-stm32.12.3.rel1.win32_1.0.200.202406191623/tools/bin/../lib/gcc/arm-none-eabi/12.3.1/thumb/v7e-m+fp/hard/crtbegin.o
 *(.text*)
 .text.line_init
                0x080001d4      0x11c ./Src/main.o
                0x080001d4                line_init
 .text.encoder_init
                0x080002f0       0x74 ./Src/main.o
                0x080002f0                encoder_init
 .text.sonic_init
                0x08000364       0x48 ./Src/main.o
                0x08000364                sonic_init
 .text.pid_encoder
                0x080003ac       0xf8 ./Src/main.o
                0x080003ac                pid_encoder
 .text.pid_caculate
                0x080004a4      0x138 ./Src/main.o
                0x080004a4                pid_caculate
 .text.read_data_line
                0x080005dc      0x218 ./Src/main.o
                0x080005dc                read_data_line
 .text.TIM2_init
                0x080007f4       0x38 ./Src/main.o
                0x080007f4                TIM2_init
 .text.TIM2_PWM
                0x0800082c       0xf8 ./Src/main.o
                0x0800082c                TIM2_PWM
 .text.motor_control
                0x08000924       0x64 ./Src/main.o
                0x08000924                motor_control
 .text.pid_control
                0x08000988      0x1cc ./Src/main.o
                0x08000988                pid_control
 .text.choose_side
                0x08000b54       0x4e ./Src/main.o
                0x08000b54                choose_side
 *fill*         0x08000ba2        0x2 
 .text.control_case
                0x08000ba4     0x200c ./Src/main.o
                0x08000ba4                control_case
 .text.pid_handle
                0x08002bb0      0x1a4 ./Src/main.o
                0x08002bb0                pid_handle
 .text.sys_handle
                0x08002d54      0x3ec ./Src/main.o
                0x08002d54                sys_handle
 .text.main     0x08003140      0x1a4 ./Src/main.o
                0x08003140                main
 .text.OTG_FS_IRQHandler
                0x080032e4       0x14 ./Src/main.o
                0x080032e4                OTG_FS_IRQHandler
 .text.TIM1_UP_TIM10_IRQHandler
                0x080032f8      0x1c4 ./Src/main.o
                0x080032f8                TIM1_UP_TIM10_IRQHandler
 .text.EXTI9_5_IRQHandler
                0x080034bc      0x288 ./Src/main.o
                0x080034bc                EXTI9_5_IRQHandler
 .text.EXTI15_10_IRQHandler
                0x08003744      0x17c ./Src/main.o
                0x08003744                EXTI15_10_IRQHandler
 .text.EXTI0_IRQHandler
                0x080038c0       0x78 ./Src/main.o
                0x080038c0                EXTI0_IRQHandler
 .text.EXTI4_IRQHandler
                0x08003938       0x78 ./Src/main.o
                0x08003938                EXTI4_IRQHandler
 .text.Reset_Handler
                0x080039b0       0x4c ./Startup/startup_stm32f401ccux.o
                0x080039b0                Reset_Handler
 .text.Default_Handler
                0x080039fc        0x2 ./Startup/startup_stm32f401ccux.o
                0x080039fc                RTC_Alarm_IRQHandler
                0x080039fc                EXTI2_IRQHandler
                0x080039fc                DebugMon_Handler
                0x080039fc                SPI4_IRQHandler
                0x080039fc                TIM1_CC_IRQHandler
                0x080039fc                DMA2_Stream5_IRQHandler
                0x080039fc                HardFault_Handler
                0x080039fc                DMA1_Stream5_IRQHandler
                0x080039fc                SysTick_Handler
                0x080039fc                PVD_IRQHandler
                0x080039fc                SDIO_IRQHandler
                0x080039fc                TAMP_STAMP_IRQHandler
                0x080039fc                PendSV_Handler
                0x080039fc                NMI_Handler
                0x080039fc                EXTI3_IRQHandler
                0x080039fc                I2C3_ER_IRQHandler
                0x080039fc                I2C2_EV_IRQHandler
                0x080039fc                DMA1_Stream2_IRQHandler
                0x080039fc                FPU_IRQHandler
                0x080039fc                UsageFault_Handler
                0x080039fc                DMA2_Stream2_IRQHandler
                0x080039fc                SPI1_IRQHandler
                0x080039fc                TIM1_BRK_TIM9_IRQHandler
                0x080039fc                DMA2_Stream3_IRQHandler
                0x080039fc                USART6_IRQHandler
                0x080039fc                DMA2_Stream0_IRQHandler
                0x080039fc                TIM4_IRQHandler
                0x080039fc                I2C1_EV_IRQHandler
                0x080039fc                DMA1_Stream6_IRQHandler
                0x080039fc                DMA1_Stream1_IRQHandler
                0x080039fc                TIM3_IRQHandler
                0x080039fc                RCC_IRQHandler
                0x080039fc                Default_Handler
                0x080039fc                ADC_IRQHandler
                0x080039fc                DMA1_Stream7_IRQHandler
                0x080039fc                TIM5_IRQHandler
                0x080039fc                DMA2_Stream7_IRQHandler
                0x080039fc                I2C3_EV_IRQHandler
                0x080039fc                RTC_WKUP_IRQHandler
                0x080039fc                SPI2_IRQHandler
                0x080039fc                MemManage_Handler
                0x080039fc                DMA1_Stream0_IRQHandler
                0x080039fc                SVC_Handler
                0x080039fc                WWDG_IRQHandler
                0x080039fc                TIM2_IRQHandler
                0x080039fc                OTG_FS_WKUP_IRQHandler
                0x080039fc                TIM1_TRG_COM_TIM11_IRQHandler
                0x080039fc                EXTI1_IRQHandler
                0x080039fc                USART2_IRQHandler
                0x080039fc                I2C2_ER_IRQHandler
                0x080039fc                DMA2_Stream1_IRQHandler
                0x080039fc                FLASH_IRQHandler
                0x080039fc                DMA2_Stream4_IRQHandler
                0x080039fc                BusFault_Handler
                0x080039fc                USART1_IRQHandler
                0x080039fc                SPI3_IRQHandler
                0x080039fc                DMA1_Stream4_IRQHandler
                0x080039fc                I2C1_ER_IRQHandler
                0x080039fc                DMA2_Stream6_IRQHandler
                0x080039fc                DMA1_Stream3_IRQHandler
 *fill*         0x080039fe        0x2 
 .text.GPIO_CLK
                0x08003a00      0x140 ./driver/src/gpio.o
                0x08003a00                GPIO_CLK
 .text.GPIO_Init
                0x08003b40      0x348 ./driver/src/gpio.o
                0x08003b40                GPIO_Init
 .text.GPIO_WritePin
                0x08003e88       0x4a ./driver/src/gpio.o
                0x08003e88                GPIO_WritePin
 .text.GPIO_ReadPin
                0x08003ed2       0x2a ./driver/src/gpio.o
                0x08003ed2                GPIO_ReadPin
 .text.NVIC_IRQ_ConFig
                0x08003efc      0x10c ./driver/src/gpio.o
                0x08003efc                NVIC_IRQ_ConFig
 .text.NVIC_IRQ_PriorityConFig
                0x08004008       0x56 ./driver/src/gpio.o
                0x08004008                NVIC_IRQ_PriorityConFig
 .text.Application_CallBack
                0x0800405e       0x16 ./driver/src/gpio.o
                0x0800405e                Application_CallBack
 .text.GPIO_IRQ_Handling
                0x08004074       0x44 ./driver/src/gpio.o
                0x08004074                GPIO_IRQ_Handling
 .text.CDC_SendData
                0x080040b8      0x104 ./driver/src/otg.o
                0x080040b8                CDC_SendData
 .text.USB_Handle_Setup
                0x080041bc      0x708 ./driver/src/otg.o
                0x080041bc                USB_Handle_Setup
 .text.OTG_IRQ_Handle
                0x080048c4      0x5f0 ./driver/src/otg.o
                0x080048c4                OTG_IRQ_Handle
 .text.TIM_CLOCK
                0x08004eb4       0xac ./driver/src/timer.o
                0x08004eb4                TIM_CLOCK
 .text.TIM_Init
                0x08004f60       0xb6 ./driver/src/timer.o
                0x08004f60                TIM_Init
 .text.TIM_IRQ_Handle
                0x08005016       0x42 ./driver/src/timer.o
                0x08005016                TIM_IRQ_Handle
 .text.__libc_init_array
                0x08005058       0x48 D:/STM32CubeIDE_1.16.1/STM32CubeIDE/plugins/com.st.stm32cube.ide.mcu.externaltools.gnu-tools-for-stm32.12.3.rel1.win32_1.0.200.202406191623/tools/bin/../lib/gcc/arm-none-eabi/12.3.1/../../../../arm-none-eabi/lib/thumb/v7e-m+fp/hard\libc_nano.a(libc_a-init.o)
                0x08005058                __libc_init_array
 *(.glue_7)
 .glue_7        0x080050a0        0x0 linker stubs
 *(.glue_7t)
 .glue_7t       0x080050a0        0x0 linker stubs
 *(.eh_frame)
 .eh_frame      0x080050a0        0x0 D:/STM32CubeIDE_1.16.1/STM32CubeIDE/plugins/com.st.stm32cube.ide.mcu.externaltools.gnu-tools-for-stm32.12.3.rel1.win32_1.0.200.202406191623/tools/bin/../lib/gcc/arm-none-eabi/12.3.1/thumb/v7e-m+fp/hard/crtbegin.o
 *(.init)
 .init          0x080050a0        0x4 D:/STM32CubeIDE_1.16.1/STM32CubeIDE/plugins/com.st.stm32cube.ide.mcu.externaltools.gnu-tools-for-stm32.12.3.rel1.win32_1.0.200.202406191623/tools/bin/../lib/gcc/arm-none-eabi/12.3.1/thumb/v7e-m+fp/hard/crti.o
                0x080050a0                _init
 .init          0x080050a4        0x8 D:/STM32CubeIDE_1.16.1/STM32CubeIDE/plugins/com.st.stm32cube.ide.mcu.externaltools.gnu-tools-for-stm32.12.3.rel1.win32_1.0.200.202406191623/tools/bin/../lib/gcc/arm-none-eabi/12.3.1/thumb/v7e-m+fp/hard/crtn.o
 *(.fini)
 .fini          0x080050ac        0x4 D:/STM32CubeIDE_1.16.1/STM32CubeIDE/plugins/com.st.stm32cube.ide.mcu.externaltools.gnu-tools-for-stm32.12.3.rel1.win32_1.0.200.202406191623/tools/bin/../lib/gcc/arm-none-eabi/12.3.1/thumb/v7e-m+fp/hard/crti.o
                0x080050ac                _fini
 .fini          0x080050b0        0x8 D:/STM32CubeIDE_1.16.1/STM32CubeIDE/plugins/com.st.stm32cube.ide.mcu.externaltools.gnu-tools-for-stm32.12.3.rel1.win32_1.0.200.202406191623/tools/bin/../lib/gcc/arm-none-eabi/12.3.1/thumb/v7e-m+fp/hard/crtn.o
                0x080050b8                        . = ALIGN (0x4)
                0x080050b8                        _etext = .

.vfp11_veneer   0x080050b8        0x0
 .vfp11_veneer  0x080050b8        0x0 linker stubs

.v4_bx          0x080050b8        0x0
 .v4_bx         0x080050b8        0x0 linker stubs

.iplt           0x080050b8        0x0
 .iplt          0x080050b8        0x0 D:/STM32CubeIDE_1.16.1/STM32CubeIDE/plugins/com.st.stm32cube.ide.mcu.externaltools.gnu-tools-for-stm32.12.3.rel1.win32_1.0.200.202406191623/tools/bin/../lib/gcc/arm-none-eabi/12.3.1/thumb/v7e-m+fp/hard/crtbegin.o

.rodata         0x080050b8        0x4
                0x080050b8                        . = ALIGN (0x4)
 *(.rodata)
 .rodata        0x080050b8        0x4 ./driver/src/otg.o
 *(.rodata*)
                0x080050bc                        . = ALIGN (0x4)

.ARM.extab      0x080050bc        0x0
                0x080050bc                        . = ALIGN (0x4)
 *(.ARM.extab* .gnu.linkonce.armextab.*)
                0x080050bc                        . = ALIGN (0x4)

.ARM            0x080050bc        0x0
                0x080050bc                        . = ALIGN (0x4)
                0x080050bc                        __exidx_start = .
 *(.ARM.exidx*)
                0x080050bc                        __exidx_end = .
                0x080050bc                        . = ALIGN (0x4)

.preinit_array  0x080050bc        0x0
                0x080050bc                        . = ALIGN (0x4)
                0x080050bc                        PROVIDE (__preinit_array_start = .)
 *(.preinit_array*)
                0x080050bc                        PROVIDE (__preinit_array_end = .)
                0x080050bc                        . = ALIGN (0x4)

.init_array     0x080050bc        0x4
                0x080050bc                        . = ALIGN (0x4)
                0x080050bc                        PROVIDE (__init_array_start = .)
 *(SORT_BY_NAME(.init_array.*))
 *(.init_array*)
 .init_array    0x080050bc        0x4 D:/STM32CubeIDE_1.16.1/STM32CubeIDE/plugins/com.st.stm32cube.ide.mcu.externaltools.gnu-tools-for-stm32.12.3.rel1.win32_1.0.200.202406191623/tools/bin/../lib/gcc/arm-none-eabi/12.3.1/thumb/v7e-m+fp/hard/crtbegin.o
                0x080050c0                        PROVIDE (__init_array_end = .)
                0x080050c0                        . = ALIGN (0x4)

.fini_array     0x080050c0        0x4
                0x080050c0                        . = ALIGN (0x4)
                [!provide]                        PROVIDE (__fini_array_start = .)
 *(SORT_BY_NAME(.fini_array.*))
 *(.fini_array*)
 .fini_array    0x080050c0        0x4 D:/STM32CubeIDE_1.16.1/STM32CubeIDE/plugins/com.st.stm32cube.ide.mcu.externaltools.gnu-tools-for-stm32.12.3.rel1.win32_1.0.200.202406191623/tools/bin/../lib/gcc/arm-none-eabi/12.3.1/thumb/v7e-m+fp/hard/crtbegin.o
                [!provide]                        PROVIDE (__fini_array_end = .)
                0x080050c4                        . = ALIGN (0x4)
                0x080050c4                        _sidata = LOADADDR (.data)

.rel.dyn        0x080050c4        0x0
 .rel.iplt      0x080050c4        0x0 D:/STM32CubeIDE_1.16.1/STM32CubeIDE/plugins/com.st.stm32cube.ide.mcu.externaltools.gnu-tools-for-stm32.12.3.rel1.win32_1.0.200.202406191623/tools/bin/../lib/gcc/arm-none-eabi/12.3.1/thumb/v7e-m+fp/hard/crtbegin.o

.data           0x20000000       0x58 load address 0x080050c4
                0x20000000                        . = ALIGN (0x4)
                0x20000000                        _sdata = .
 *(.data)
 *(.data*)
 .data.device_descriptor
                0x20000000       0x12 ./driver/src/otg.o
 *fill*         0x20000012        0x2 
 .data.config_descriptor
                0x20000014       0x43 ./driver/src/otg.o
 *(.RamFunc)
 *(.RamFunc*)
                0x20000058                        . = ALIGN (0x4)
 *fill*         0x20000057        0x1 
                0x20000058                        _edata = .

.igot.plt       0x20000058        0x0 load address 0x0800511c
 .igot.plt      0x20000058        0x0 D:/STM32CubeIDE_1.16.1/STM32CubeIDE/plugins/com.st.stm32cube.ide.mcu.externaltools.gnu-tools-for-stm32.12.3.rel1.win32_1.0.200.202406191623/tools/bin/../lib/gcc/arm-none-eabi/12.3.1/thumb/v7e-m+fp/hard/crtbegin.o
                0x20000058                        . = ALIGN (0x4)

.bss            0x20000058      0x210 load address 0x0800511c
                0x20000058                        _sbss = .
                0x20000058                        __bss_start__ = _sbss
 *(.bss)
 .bss           0x20000058       0x1c D:/STM32CubeIDE_1.16.1/STM32CubeIDE/plugins/com.st.stm32cube.ide.mcu.externaltools.gnu-tools-for-stm32.12.3.rel1.win32_1.0.200.202406191623/tools/bin/../lib/gcc/arm-none-eabi/12.3.1/thumb/v7e-m+fp/hard/crtbegin.o
 *(.bss*)
 .bss.g         0x20000074       0x10 ./Src/main.o
                0x20000074                g
 .bss.packet    0x20000084      0x100 ./Src/main.o
                0x20000084                packet
 .bss.op        0x20000184        0x8 ./Src/main.o
                0x20000184                op
 .bss.mode      0x2000018c        0x1 ./Src/main.o
                0x2000018c                mode
 .bss.pktsts    0x2000018d        0x1 ./Src/main.o
                0x2000018d                pktsts
 .bss.count     0x2000018e        0x1 ./Src/main.o
                0x2000018e                count
 .bss.count1    0x2000018f        0x1 ./Src/main.o
                0x2000018f                count1
 .bss.key       0x20000190        0x1 ./Src/main.o
                0x20000190                key
 *fill*         0x20000191        0x1 
 .bss.bcnt      0x20000192        0x2 ./Src/main.o
                0x20000192                bcnt
 .bss.addr      0x20000194        0x2 ./Src/main.o
                0x20000194                addr
 .bss.addr1     0x20000196        0x2 ./Src/main.o
                0x20000196                addr1
 .bss.set_line  0x20000198        0x7 ./Src/main.o
                0x20000198                set_line
 *fill*         0x2000019f        0x1 
 .bss.receive   0x200001a0       0x40 ./Src/main.o
                0x200001a0                receive
 .bss.tim1      0x200001e0       0x10 ./Src/main.o
                0x200001e0                tim1
 .bss.tim2      0x200001f0       0x10 ./Src/main.o
                0x200001f0                tim2
 .bss.data_left
                0x20000200        0x1 ./Src/main.o
                0x20000200                data_left
 .bss.data_left1
                0x20000201        0x1 ./Src/main.o
                0x20000201                data_left1
 .bss.data_left_last
                0x20000202        0x1 ./Src/main.o
                0x20000202                data_left_last
 *fill*         0x20000203        0x1 
 .bss.et_pre1   0x20000204        0x2 ./Src/main.o
                0x20000204                et_pre1
 .bss.et_pre2   0x20000206        0x2 ./Src/main.o
                0x20000206                et_pre2
 .bss.derivative
                0x20000208        0x2 ./Src/main.o
                0x20000208                derivative
 .bss.real      0x2000020a        0x2 ./Src/main.o
                0x2000020a                real
 .bss.kq        0x2000020c        0x2 ./Src/main.o
                0x2000020c                kq
 .bss.dem1      0x2000020e        0x2 ./Src/main.o
                0x2000020e                dem1
 .bss.d         0x20000210        0x2 ./Src/main.o
                0x20000210                d
 .bss.dem4      0x20000212        0x2 ./Src/main.o
                0x20000212                dem4
 .bss.en_left   0x20000214        0x2 ./Src/main.o
                0x20000214                en_left
 .bss.en_right  0x20000216        0x2 ./Src/main.o
                0x20000216                en_right
 .bss.en1_left  0x20000218        0x2 ./Src/main.o
                0x20000218                en1_left
 .bss.en1_right
                0x2000021a        0x2 ./Src/main.o
                0x2000021a                en1_right
 .bss.tl        0x2000021c        0x1 ./Src/main.o
                0x2000021c                tl
 .bss.tr        0x2000021d        0x1 ./Src/main.o
                0x2000021d                tr
 .bss.prior     0x2000021e        0x1 ./Src/main.o
                0x2000021e                prior
 .bss.prior1    0x2000021f        0x1 ./Src/main.o
                0x2000021f                prior1
 .bss.prior2    0x20000220        0x1 ./Src/main.o
                0x20000220                prior2
 .bss.a         0x20000221        0x1 ./Src/main.o
                0x20000221                a
 .bss.b         0x20000222        0x1 ./Src/main.o
                0x20000222                b
 .bss.flag      0x20000223        0x1 ./Src/main.o
                0x20000223                flag
 .bss.testcase  0x20000224        0x1 ./Src/main.o
                0x20000224                testcase
 .bss.modem     0x20000225        0x1 ./Src/main.o
                0x20000225                modem
 .bss.c         0x20000226        0x1 ./Src/main.o
                0x20000226                c
 .bss.flag1     0x20000227        0x1 ./Src/main.o
                0x20000227                flag1
 .bss.flag2     0x20000228        0x1 ./Src/main.o
                0x20000228                flag2
 .bss.flag3     0x20000229        0x1 ./Src/main.o
                0x20000229                flag3
 *fill*         0x2000022a        0x2 
 .bss.integral  0x2000022c        0x4 ./Src/main.o
                0x2000022c                integral
 .bss.dem3      0x20000230        0x4 ./Src/main.o
                0x20000230                dem3
 .bss.dem       0x20000234        0x4 ./Src/main.o
                0x20000234                dem
 .bss.intergral2
                0x20000238        0x4 ./Src/main.o
                0x20000238                intergral2
 .bss.et_pre3   0x2000023c        0x4 ./Src/main.o
                0x2000023c                et_pre3
 .bss.derivative1
                0x20000240        0x4 ./Src/main.o
                0x20000240                derivative1
 .bss.pwm_mm2   0x20000244        0x4 ./Src/main.o
                0x20000244                pwm_mm2
 .bss.intergral3
                0x20000248        0x4 ./Src/main.o
                0x20000248                intergral3
 .bss.et_pre4   0x2000024c        0x4 ./Src/main.o
                0x2000024c                et_pre4
 .bss.derivative2
                0x20000250        0x4 ./Src/main.o
                0x20000250                derivative2
 .bss.pwm_mm1   0x20000254        0x4 ./Src/main.o
                0x20000254                pwm_mm1
 .bss.count_left
                0x20000258        0x4 ./Src/main.o
                0x20000258                count_left
 .bss.count_right
                0x2000025c        0x4 ./Src/main.o
                0x2000025c                count_right
 .bss.colo      0x20000260        0x1 ./Src/main.o
                0x20000260                colo
 *fill*         0x20000261        0x1 
 .bss.pwm_left  0x20000262        0x2 ./Src/main.o
                0x20000262                pwm_left
 .bss.pwm_right
                0x20000264        0x2 ./Src/main.o
                0x20000264                pwm_right
 *(COMMON)
                0x20000268                        . = ALIGN (0x4)
 *fill*         0x20000266        0x2 
                0x20000268                        _ebss = .
                0x20000268                        __bss_end__ = _ebss

._user_heap_stack
                0x20000268     0x1200 load address 0x0800511c
                0x20000268                        . = ALIGN (0x8)
                [!provide]                        PROVIDE (end = .)
                0x20000268                        PROVIDE (_end = .)
                0x20000468                        . = (. + _Min_Heap_Size)
 *fill*         0x20000268      0x200 
                0x20001468                        . = (. + _Min_Stack_Size)
 *fill*         0x20000468     0x1000 
                0x20001468                        . = ALIGN (0x8)

/DISCARD/
 libc.a(*)
 libm.a(*)
 libgcc.a(*)

.ARM.attributes
                0x00000000       0x30
 *(.ARM.attributes)
 .ARM.attributes
                0x00000000       0x22 D:/STM32CubeIDE_1.16.1/STM32CubeIDE/plugins/com.st.stm32cube.ide.mcu.externaltools.gnu-tools-for-stm32.12.3.rel1.win32_1.0.200.202406191623/tools/bin/../lib/gcc/arm-none-eabi/12.3.1/thumb/v7e-m+fp/hard/crti.o
 .ARM.attributes
                0x00000022       0x34 D:/STM32CubeIDE_1.16.1/STM32CubeIDE/plugins/com.st.stm32cube.ide.mcu.externaltools.gnu-tools-for-stm32.12.3.rel1.win32_1.0.200.202406191623/tools/bin/../lib/gcc/arm-none-eabi/12.3.1/thumb/v7e-m+fp/hard/crtbegin.o
 .ARM.attributes
                0x00000056       0x34 ./Src/main.o
 .ARM.attributes
                0x0000008a       0x21 ./Startup/startup_stm32f401ccux.o
 .ARM.attributes
                0x000000ab       0x34 ./driver/src/gpio.o
 .ARM.attributes
                0x000000df       0x34 ./driver/src/otg.o
 .ARM.attributes
                0x00000113       0x34 ./driver/src/timer.o
 .ARM.attributes
                0x00000147       0x34 D:/STM32CubeIDE_1.16.1/STM32CubeIDE/plugins/com.st.stm32cube.ide.mcu.externaltools.gnu-tools-for-stm32.12.3.rel1.win32_1.0.200.202406191623/tools/bin/../lib/gcc/arm-none-eabi/12.3.1/../../../../arm-none-eabi/lib/thumb/v7e-m+fp/hard\libc_nano.a(libc_a-init.o)
 .ARM.attributes
                0x0000017b       0x22 D:/STM32CubeIDE_1.16.1/STM32CubeIDE/plugins/com.st.stm32cube.ide.mcu.externaltools.gnu-tools-for-stm32.12.3.rel1.win32_1.0.200.202406191623/tools/bin/../lib/gcc/arm-none-eabi/12.3.1/thumb/v7e-m+fp/hard/crtn.o
OUTPUT(driverf401.elf elf32-littlearm)
LOAD linker stubs
LOAD D:/STM32CubeIDE_1.16.1/STM32CubeIDE/plugins/com.st.stm32cube.ide.mcu.externaltools.gnu-tools-for-stm32.12.3.rel1.win32_1.0.200.202406191623/tools/bin/../lib/gcc/arm-none-eabi/12.3.1/../../../../arm-none-eabi/lib/thumb/v7e-m+fp/hard\libc.a
LOAD D:/STM32CubeIDE_1.16.1/STM32CubeIDE/plugins/com.st.stm32cube.ide.mcu.externaltools.gnu-tools-for-stm32.12.3.rel1.win32_1.0.200.202406191623/tools/bin/../lib/gcc/arm-none-eabi/12.3.1/../../../../arm-none-eabi/lib/thumb/v7e-m+fp/hard\libm.a
LOAD D:/STM32CubeIDE_1.16.1/STM32CubeIDE/plugins/com.st.stm32cube.ide.mcu.externaltools.gnu-tools-for-stm32.12.3.rel1.win32_1.0.200.202406191623/tools/bin/../lib/gcc/arm-none-eabi/12.3.1/thumb/v7e-m+fp/hard\libgcc.a

.debug_info     0x00000000     0x3028
 .debug_info    0x00000000     0x1763 ./Src/main.o
 .debug_info    0x00001763       0x30 ./Startup/startup_stm32f401ccux.o
 .debug_info    0x00001793      0x61b ./driver/src/gpio.o
 .debug_info    0x00001dae      0xdb4 ./driver/src/otg.o
 .debug_info    0x00002b62      0x4c6 ./driver/src/timer.o

.debug_abbrev   0x00000000      0x7dc
 .debug_abbrev  0x00000000      0x324 ./Src/main.o
 .debug_abbrev  0x00000324       0x24 ./Startup/startup_stm32f401ccux.o
 .debug_abbrev  0x00000348      0x140 ./driver/src/gpio.o
 .debug_abbrev  0x00000488      0x219 ./driver/src/otg.o
 .debug_abbrev  0x000006a1      0x13b ./driver/src/timer.o

.debug_aranges  0x00000000      0x1c8
 .debug_aranges
                0x00000000       0xc0 ./Src/main.o
 .debug_aranges
                0x000000c0       0x28 ./Startup/startup_stm32f401ccux.o
 .debug_aranges
                0x000000e8       0x60 ./driver/src/gpio.o
 .debug_aranges
                0x00000148       0x48 ./driver/src/otg.o
 .debug_aranges
                0x00000190       0x38 ./driver/src/timer.o

.debug_rnglists
                0x00000000      0x168
 .debug_rnglists
                0x00000000       0x98 ./Src/main.o
 .debug_rnglists
                0x00000098       0x19 ./Startup/startup_stm32f401ccux.o
 .debug_rnglists
                0x000000b1       0x46 ./driver/src/gpio.o
 .debug_rnglists
                0x000000f7       0x4a ./driver/src/otg.o
 .debug_rnglists
                0x00000141       0x27 ./driver/src/timer.o

.debug_macro    0x00000000     0x225c
 .debug_macro   0x00000000      0x16d ./Src/main.o
 .debug_macro   0x0000016d      0xaba ./Src/main.o
 .debug_macro   0x00000c27       0x22 ./Src/main.o
 .debug_macro   0x00000c49       0x8e ./Src/main.o
 .debug_macro   0x00000cd7       0x51 ./Src/main.o
 .debug_macro   0x00000d28      0x103 ./Src/main.o
 .debug_macro   0x00000e2b       0x6a ./Src/main.o
 .debug_macro   0x00000e95      0x1df ./Src/main.o
 .debug_macro   0x00001074       0x2a ./Src/main.o
 .debug_macro   0x0000109e       0x61 ./Src/main.o
 .debug_macro   0x000010ff       0x43 ./Src/main.o
 .debug_macro   0x00001142       0x34 ./Src/main.o
 .debug_macro   0x00001176       0x16 ./Src/main.o
 .debug_macro   0x0000118c      0x11c ./Src/main.o
 .debug_macro   0x000012a8       0x94 ./Src/main.o
 .debug_macro   0x0000133c       0x16 ./Src/main.o
 .debug_macro   0x00001352       0x43 ./Src/main.o
 .debug_macro   0x00001395       0x34 ./Src/main.o
 .debug_macro   0x000013c9       0x10 ./Src/main.o
 .debug_macro   0x000013d9       0x58 ./Src/main.o
 .debug_macro   0x00001431       0x8e ./Src/main.o
 .debug_macro   0x000014bf       0x1c ./Src/main.o
 .debug_macro   0x000014db      0x177 ./Src/main.o
 .debug_macro   0x00001652      0x369 ./Src/main.o
 .debug_macro   0x000019bb       0x16 ./Src/main.o
 .debug_macro   0x000019d1       0x29 ./Src/main.o
 .debug_macro   0x000019fa      0x1ac ./Src/main.o
 .debug_macro   0x00001ba6      0x12a ./Src/main.o
 .debug_macro   0x00001cd0       0x34 ./Src/main.o
 .debug_macro   0x00001d04      0x152 ./driver/src/gpio.o
 .debug_macro   0x00001e56      0x156 ./driver/src/otg.o
 .debug_macro   0x00001fac      0x130 ./driver/src/otg.o
 .debug_macro   0x000020dc      0x152 ./driver/src/timer.o
 .debug_macro   0x0000222e       0x2e ./driver/src/timer.o

.debug_line     0x00000000     0x4550
 .debug_line    0x00000000     0x1ffb ./Src/main.o
 .debug_line    0x00001ffb       0x79 ./Startup/startup_stm32f401ccux.o
 .debug_line    0x00002074      0xa8c ./driver/src/gpio.o
 .debug_line    0x00002b00     0x1323 ./driver/src/otg.o
 .debug_line    0x00003e23      0x72d ./driver/src/timer.o

.debug_str      0x00000000     0x8753
 .debug_str     0x00000000     0x8589 ./Src/main.o
                               0x87c9 (size before relaxing)
 .debug_str     0x00008589       0x3f ./Startup/startup_stm32f401ccux.o
                                 0x60 (size before relaxing)
 .debug_str     0x000085c8       0x93 ./driver/src/gpio.o
                               0x8145 (size before relaxing)
 .debug_str     0x0000865b       0xc0 ./driver/src/otg.o
                               0x8353 (size before relaxing)
 .debug_str     0x0000871b       0x38 ./driver/src/timer.o
                               0x7dc2 (size before relaxing)

.comment        0x00000000       0x43
 .comment       0x00000000       0x43 ./Src/main.o
                                 0x44 (size before relaxing)
 .comment       0x00000043       0x44 ./driver/src/gpio.o
 .comment       0x00000043       0x44 ./driver/src/otg.o
 .comment       0x00000043       0x44 ./driver/src/timer.o

.debug_frame    0x00000000      0x638
 .debug_frame   0x00000000      0x2f0 ./Src/main.o
 .debug_frame   0x000002f0      0x174 ./driver/src/gpio.o
 .debug_frame   0x00000464       0xfc ./driver/src/otg.o
 .debug_frame   0x00000560       0xac ./driver/src/timer.o
 .debug_frame   0x0000060c       0x2c D:/STM32CubeIDE_1.16.1/STM32CubeIDE/plugins/com.st.stm32cube.ide.mcu.externaltools.gnu-tools-for-stm32.12.3.rel1.win32_1.0.200.202406191623/tools/bin/../lib/gcc/arm-none-eabi/12.3.1/../../../../arm-none-eabi/lib/thumb/v7e-m+fp/hard\libc_nano.a(libc_a-init.o)

.debug_line_str
                0x00000000       0x44
 .debug_line_str
                0x00000000       0x44 ./Startup/startup_stm32f401ccux.o
