../Src/main.c:48:6:line_init	24	static
../Src/main.c:107:6:encoder_init	24	static
../Src/main.c:129:6:sonic_init	24	static
../Src/main.c:145:5:pid_encoder	48	static
../Src/main.c:166:10:pid_caculate	32	static
../Src/main.c:189:8:read_data_line	16	static
../Src/main.c:225:6:TIM2_init	8	static
../Src/main.c:235:6:TIM2_PWM	24	static
../Src/main.c:265:6:motor_control	24	static
../Src/main.c:283:6:pid_control	40	static
../Src/main.c:308:6:choose_side	32	static
../Src/main.c:320:6:control_case	96	static
../Src/main.c:798:6:pid_handle	40	static
../Src/main.c:824:6:sys_handle	24	static
../Src/main.c:944:5:main	24	static
../Src/main.c:1018:6:OTG_FS_IRQHandler	8	static
../Src/main.c:1022:6:TIM1_UP_TIM10_IRQHandler	8	static
../Src/main.c:1066:6:EXTI9_5_IRQHandler	8	static
../Src/main.c:1160:6:EXTI15_10_IRQHandler	16	static
../Src/main.c:1197:6:EXTI0_IRQHandler	8	static
../Src/main.c:1209:6:EXTI4_IRQHandler	8	static
